// Jest Snapshot v1, https://goo.gl/fbAQLP

exports[`renders correctly 1`] = `
<View
  style={
    Array [
      Object {
        "flex": 1,
      },
      Object {
        "backgroundColor": "#fff",
        "padding": 0,
      },
    ]
  }
/>
`;
